
LogBlock

  Use LogBlock for selected stderr or log excerpts while the
  application keeps owning logging.
  
  The block below captures real charm/log output and renders it
  through Läslig.                                              

  ╭────────────────────────────────────────────────────────╮
  │                                                        │
  │  Captured charm/log transcript                         │
  │                                                        │
  │  INFO demo: boot complete component=cache              │
  │  artifact_ref=github.com/evanmschultz/hylla-fixture-g  │
  │  o-2/pkg/very-long-artifact-reference/module           │
  │  WARN demo: retry scheduled after=3s                   │
  │  run_id=run_2026-04-01T00:00:00.123456789Z_very_long   │
  │  ERRO demo: dependency missing                         │
  │  url=https://storage.googleapis.com/hylla-artifacts/2  │
  │  026/04/01/very/long/artifact/reference/path           │
  │                                                        │
  │  Use LogBlock for selected transcripts while the       │
  │  application keeps owning the logger.                  │
  │                                                        │
  ╰────────────────────────────────────────────────────────╯
