
Panel

  ╭──────────────────────────────────────────────╮
  │                                              │
  │  Panel                                       │
  │                                              │
  │  Use Panel for rationale, release notes, a…  │
  │                                              │
  │  Example values include github.com/evanmsc…  │
  │                                              │
  ╰──────────────────────────────────────────────╯
