
Panel

  ╭────────────────────────────────────────────────────────────╮
  │                                                            │
  │  Panel                                                     │
  │                                                            │
  │  Use Panel for rationale, next steps, and larger callouts  │
  │  that should stand apart from the rest of the document.    │
  │                                                            │
  │  Panels are stronger than Paragraph and lighter than       │
  │  inventing a custom layout.                                │
  │                                                            │
  ╰────────────────────────────────────────────────────────────╯
