
gotestout

  Use gotestout for Charm-native go test output when your task runner, CLI command, or Go helper behind make/just should keep owning process control.
  
  This focused example intentionally mixes passing, skipped, and failing test events plus one package build failure.

  [INFO] Mixed fixture demo
    The example command itself is expected to exit successfully so you can inspect the output shape.
    Use mage test for the real repository task-runner path.
[PASS] example/pkg :: TestPass (0.01s)
  note: useful output
[SKIP] example/pkg :: TestSkip (0.00s)
[FAIL] example/pkg :: TestFail (0.02s)
  main_test.go:42: expected boom
[PKG FAIL] example/pkg (0.03s)

Test summary
  tests: 3
  passed: 1
  failed: 1
  skipped: 1
  packages: 1
  pkg passed: 0
  pkg failed: 1
  pkg skipped: 0
  build errors: 1

Failed tests
- TestFail [FAIL]
  package: example/pkg
  elapsed: 0.02s

Package errors
- example/pkg [ERROR]
  package: example/pkg
  elapsed: 0.03s

Skipped tests
- TestSkip [SKIP]
  package: example/pkg
  elapsed: 0.00s

[ERROR] Test failures detected
  1 test failure and 1 build error across 1 package.
